[2.716s] Invoking command in '/home/dimas/ros2_ws/src/my_robot_controller': DEBUGINFOD_URLS=https://debuginfod.ubuntu.com PYTHONPATH=/home/dimas/ros2_ws/src/my_robot_controller/build/my_robot_controller/prefix_override:/usr/lib/python3/dist-packages/colcon_core/task/python/colcon_distutils_commands:/home/dimas/ros2_ws/src/my_robot_controller/install/my_robot_controller/lib/python3.12/site-packages:${PYTHONPATH} /usr/bin/python3 -W ignore:setup.py install is deprecated -W ignore:easy_install command is deprecated setup.py egg_info --egg-base build/my_robot_controller build --build-base /home/dimas/ros2_ws/src/my_robot_controller/build/my_robot_controller/build install --record /home/dimas/ros2_ws/src/my_robot_controller/build/my_robot_controller/install.log --single-version-externally-managed install_data
[3.430s] running egg_info
[3.431s] creating build/my_robot_controller/my_robot_controller.egg-info
[3.481s] writing build/my_robot_controller/my_robot_controller.egg-info/PKG-INFO
[3.482s] writing dependency_links to build/my_robot_controller/my_robot_controller.egg-info/dependency_links.txt
[3.482s] writing entry points to build/my_robot_controller/my_robot_controller.egg-info/entry_points.txt
[3.483s] writing requirements to build/my_robot_controller/my_robot_controller.egg-info/requires.txt
[3.483s] writing top-level names to build/my_robot_controller/my_robot_controller.egg-info/top_level.txt
[3.483s] writing manifest file 'build/my_robot_controller/my_robot_controller.egg-info/SOURCES.txt'
[3.586s] reading manifest file 'build/my_robot_controller/my_robot_controller.egg-info/SOURCES.txt'
[3.587s] writing manifest file 'build/my_robot_controller/my_robot_controller.egg-info/SOURCES.txt'
[3.588s] running build
[3.588s] running build_py
[3.589s] creating /home/dimas/ros2_ws/src/my_robot_controller/build/my_robot_controller/build
[3.589s] creating /home/dimas/ros2_ws/src/my_robot_controller/build/my_robot_controller/build/lib
[3.590s] creating /home/dimas/ros2_ws/src/my_robot_controller/build/my_robot_controller/build/lib/my_robot_controller
[3.590s] copying my_robot_controller/__init__.py -> /home/dimas/ros2_ws/src/my_robot_controller/build/my_robot_controller/build/lib/my_robot_controller
[3.590s] copying my_robot_controller/obstacle_avoider.py -> /home/dimas/ros2_ws/src/my_robot_controller/build/my_robot_controller/build/lib/my_robot_controller
[3.591s] copying my_robot_controller/py.typed -> /home/dimas/ros2_ws/src/my_robot_controller/build/my_robot_controller/build/lib/my_robot_controller
[3.591s] running install
[3.606s] running install_lib
[3.660s] creating /home/dimas/ros2_ws/src/my_robot_controller/install/my_robot_controller/lib/python3.12/site-packages/my_robot_controller
[3.660s] copying /home/dimas/ros2_ws/src/my_robot_controller/build/my_robot_controller/build/lib/my_robot_controller/py.typed -> /home/dimas/ros2_ws/src/my_robot_controller/install/my_robot_controller/lib/python3.12/site-packages/my_robot_controller
[3.660s] copying /home/dimas/ros2_ws/src/my_robot_controller/build/my_robot_controller/build/lib/my_robot_controller/__init__.py -> /home/dimas/ros2_ws/src/my_robot_controller/install/my_robot_controller/lib/python3.12/site-packages/my_robot_controller
[3.661s] copying /home/dimas/ros2_ws/src/my_robot_controller/build/my_robot_controller/build/lib/my_robot_controller/obstacle_avoider.py -> /home/dimas/ros2_ws/src/my_robot_controller/install/my_robot_controller/lib/python3.12/site-packages/my_robot_controller
[3.662s] byte-compiling /home/dimas/ros2_ws/src/my_robot_controller/install/my_robot_controller/lib/python3.12/site-packages/my_robot_controller/__init__.py to __init__.cpython-312.pyc
[3.663s] byte-compiling /home/dimas/ros2_ws/src/my_robot_controller/install/my_robot_controller/lib/python3.12/site-packages/my_robot_controller/obstacle_avoider.py to obstacle_avoider.cpython-312.pyc
[3.665s] running install_data
[3.666s] creating /home/dimas/ros2_ws/src/my_robot_controller/install/my_robot_controller/share/ament_index
[3.666s] creating /home/dimas/ros2_ws/src/my_robot_controller/install/my_robot_controller/share/ament_index/resource_index
[3.666s] creating /home/dimas/ros2_ws/src/my_robot_controller/install/my_robot_controller/share/ament_index/resource_index/packages
[3.666s] copying resource/my_robot_controller -> /home/dimas/ros2_ws/src/my_robot_controller/install/my_robot_controller/share/ament_index/resource_index/packages
[3.667s] copying package.xml -> /home/dimas/ros2_ws/src/my_robot_controller/install/my_robot_controller/share/my_robot_controller
[3.667s] running install_egg_info
[3.720s] Copying build/my_robot_controller/my_robot_controller.egg-info to /home/dimas/ros2_ws/src/my_robot_controller/install/my_robot_controller/lib/python3.12/site-packages/my_robot_controller-0.0.0-py3.12.egg-info
[3.723s] running install_scripts
[4.097s] Installing simple_node script to /home/dimas/ros2_ws/src/my_robot_controller/install/my_robot_controller/lib/my_robot_controller
[4.098s] writing list of installed files to '/home/dimas/ros2_ws/src/my_robot_controller/build/my_robot_controller/install.log'
[4.252s] Invoked command in '/home/dimas/ros2_ws/src/my_robot_controller' returned '0': DEBUGINFOD_URLS=https://debuginfod.ubuntu.com PYTHONPATH=/home/dimas/ros2_ws/src/my_robot_controller/build/my_robot_controller/prefix_override:/usr/lib/python3/dist-packages/colcon_core/task/python/colcon_distutils_commands:/home/dimas/ros2_ws/src/my_robot_controller/install/my_robot_controller/lib/python3.12/site-packages:${PYTHONPATH} /usr/bin/python3 -W ignore:setup.py install is deprecated -W ignore:easy_install command is deprecated setup.py egg_info --egg-base build/my_robot_controller build --build-base /home/dimas/ros2_ws/src/my_robot_controller/build/my_robot_controller/build install --record /home/dimas/ros2_ws/src/my_robot_controller/build/my_robot_controller/install.log --single-version-externally-managed install_data
